// Vitest Snapshot v1, https://vitest.dev/guide/snapshot.html

exports[`EditPlantPage > показывает загрузку, отсутствие id и ответы об ошибке 1`] = `
<div>
  <div
    class="ant-spin-nested-loading"
  >
    <div>
      <div
        aria-busy="true"
        aria-live="polite"
        class="ant-spin ant-spin-spinning ant-spin-show-text"
      >
        <span
          class="ant-spin-dot-holder"
        >
          <span
            class="ant-spin-dot ant-spin-dot-spin"
          >
            <i
              class="ant-spin-dot-item"
            />
            <i
              class="ant-spin-dot-item"
            />
            <i
              class="ant-spin-dot-item"
            />
            <i
              class="ant-spin-dot-item"
            />
          </span>
        </span>
        <div
          class="ant-spin-text"
        >
          Загружаем растение…
        </div>
      </div>
    </div>
    <div
      class="ant-spin-container ant-spin-blur"
    >
      <div
        style="min-height: 120px;"
      />
    </div>
  </div>
</div>
`;

exports[`EditPlantPage > показывает загрузку, отсутствие id и ответы об ошибке 2`] = `
<div>
  <div
    class="ant-space ant-space-vertical ant-space-gap-row-large ant-space-gap-col-large"
  >
    <div
      class="ant-space-item"
    >
      <h3
        class="ant-typography"
        style="margin-top: 0px;"
      >
        Растение не найдено
      </h3>
    </div>
    <div
      class="ant-space-item"
    >
      <a
        data-discover="true"
        href="/"
      >
        Вернуться в каталог
      </a>
    </div>
  </div>
</div>
`;

exports[`EditPlantPage > показывает загрузку, отсутствие id и ответы об ошибке 3`] = `
<div>
  <div
    class="ant-space ant-space-vertical ant-space-gap-row-large ant-space-gap-col-large"
    style="width: 100%;"
  >
    <div
      class="ant-space-item"
    >
      <div
        class="ant-alert ant-alert-error"
        data-show="true"
        role="alert"
      >
        <span
          aria-label="close-circle"
          class="anticon anticon-close-circle ant-alert-icon"
          role="img"
        >
          <svg
            aria-hidden="true"
            data-icon="close-circle"
            fill="currentColor"
            fill-rule="evenodd"
            focusable="false"
            height="1em"
            viewBox="64 64 896 896"
            width="1em"
          >
            <path
              d="M512 64c247.4 0 448 200.6 448 448S759.4 960 512 960 64 759.4 64 512 264.6 64 512 64zm127.98 274.82h-.04l-.08.06L512 466.75 384.14 338.88c-.04-.05-.06-.06-.08-.06a.12.12 0 00-.07 0c-.03 0-.05.01-.09.05l-45.02 45.02a.2.2 0 00-.05.09.12.12 0 000 .07v.02a.27.27 0 00.06.06L466.75 512 338.88 639.86c-.05.04-.06.06-.06.08a.12.12 0 000 .07c0 .03.01.05.05.09l45.02 45.02a.2.2 0 00.09.05.12.12 0 00.07 0c.02 0 .04-.01.08-.05L512 557.25l127.86 127.87c.04.04.06.05.08.05a.12.12 0 00.07 0c.03 0 .05-.01.09-.05l45.02-45.02a.2.2 0 00.05-.09.12.12 0 000-.07v-.02a.27.27 0 00-.05-.06L557.25 512l127.87-127.86c.04-.04.05-.06.05-.08a.12.12 0 000-.07c0-.03-.01-.05-.05-.09l-45.02-45.02a.2.2 0 00-.09-.05.12.12 0 00-.07 0z"
            />
          </svg>
        </span>
        <div
          class="ant-alert-content"
        >
          <div
            class="ant-alert-message"
          >
            Сбой
          </div>
        </div>
      </div>
    </div>
    <div
      class="ant-space-item"
    >
      <a
        data-discover="true"
        href="/"
      >
        Вернуться в каталог
      </a>
    </div>
  </div>
</div>
`;

exports[`EditPlantPage > сохраняет, отменяет и показывает ошибку сохранения 1`] = `
<div>
  <div
    class="ant-spin-nested-loading"
  >
    <div
      class="ant-spin-container"
    >
      <h3
        class="ant-typography"
        style="margin-top: 0px;"
      >
        Редактировать растение
      </h3>
      <div
        class="ant-space ant-space-vertical ant-space-gap-row-large ant-space-gap-col-large"
        style="width: 100%;"
      >
        <div
          class="ant-space-item"
        >
          <div
            class="plant-image-gallery"
          >
            <div
              class="ant-typography ant-typography-secondary"
            >
              На плитке каталога показывается фото по умолчанию или последнее загруженное. В превью плитки можно листать все фото.
            </div>
            <div
              class="plant-image-gallery__list"
            >
              <div
                class="plant-image-gallery__item"
              >
                <div
                  class="ant-image"
                  style="width: 128px; height: 128px;"
                  title="Нажмите для просмотра"
                >
                  <img
                    alt="Фото растения"
                    class="ant-image-img"
                    height="128"
                    src="http://localhost:3001/files/img-1/thumb"
                    style="height: 128px; cursor: pointer; object-fit: cover; border-radius: 8px;"
                    width="128"
                  />
                  <div
                    class="ant-image-mask"
                  >
                    <div
                      class="ant-image-mask-info"
                    >
                      <span
                        aria-label="eye"
                        class="anticon anticon-eye"
                        role="img"
                      >
                        <svg
                          aria-hidden="true"
                          data-icon="eye"
                          fill="currentColor"
                          focusable="false"
                          height="1em"
                          viewBox="64 64 896 896"
                          width="1em"
                        >
                          <path
                            d="M942.2 486.2C847.4 286.5 704.1 186 512 186c-192.2 0-335.4 100.5-430.2 300.3a60.3 60.3 0 000 51.5C176.6 737.5 319.9 838 512 838c192.2 0 335.4-100.5 430.2-300.3 7.7-16.2 7.7-35 0-51.5zM512 766c-161.3 0-279.4-81.8-362.7-254C232.6 339.8 350.7 258 512 258c161.3 0 279.4 81.8 362.7 254C791.5 684.2 673.4 766 512 766zm-4-430c-97.2 0-176 78.8-176 176s78.8 176 176 176 176-78.8 176-176-78.8-176-176-176zm0 288c-61.9 0-112-50.1-112-112s50.1-112 112-112 112 50.1 112 112-50.1 112-112 112z"
                          />
                        </svg>
                      </span>
                      Предпросмотр
                    </div>
                  </div>
                </div>
                <div
                  class="plant-image-gallery__actions"
                >
                  <button
                    class="ant-btn ant-btn-primary ant-btn-color-primary ant-btn-variant-solid"
                    type="button"
                  >
                    <span>
                      Сбросить
                    </span>
                  </button>
                  <button
                    class="ant-btn ant-btn-default ant-btn-color-default ant-btn-variant-outlined"
                    type="button"
                  >
                    <span>
                      Состояние
                    </span>
                  </button>
                  <button
                    aria-describedby="id"
                    class="ant-btn ant-btn-default ant-btn-dangerous ant-btn-color-dangerous ant-btn-variant-outlined ant-btn-block"
                    type="button"
                  >
                    <span>
                      Удалить
                    </span>
                  </button>
                </div>
              </div>
              <div
                class="plant-image-gallery__item"
              >
                <div
                  class="ant-image"
                  style="width: 128px; height: 128px;"
                  title="Нажмите для просмотра"
                >
                  <img
                    alt="Фото растения"
                    class="ant-image-img"
                    height="128"
                    src="http://localhost:3001/files/img-2/thumb"
                    style="height: 128px; cursor: pointer; object-fit: cover; border-radius: 8px;"
                    width="128"
                  />
                  <div
                    class="ant-image-mask"
                  >
                    <div
                      class="ant-image-mask-info"
                    >
                      <span
                        aria-label="eye"
                        class="anticon anticon-eye"
                        role="img"
                      >
                        <svg
                          aria-hidden="true"
                          data-icon="eye"
                          fill="currentColor"
                          focusable="false"
                          height="1em"
                          viewBox="64 64 896 896"
                          width="1em"
                        >
                          <path
                            d="M942.2 486.2C847.4 286.5 704.1 186 512 186c-192.2 0-335.4 100.5-430.2 300.3a60.3 60.3 0 000 51.5C176.6 737.5 319.9 838 512 838c192.2 0 335.4-100.5 430.2-300.3 7.7-16.2 7.7-35 0-51.5zM512 766c-161.3 0-279.4-81.8-362.7-254C232.6 339.8 350.7 258 512 258c161.3 0 279.4 81.8 362.7 254C791.5 684.2 673.4 766 512 766zm-4-430c-97.2 0-176 78.8-176 176s78.8 176 176 176 176-78.8 176-176-78.8-176-176-176zm0 288c-61.9 0-112-50.1-112-112s50.1-112 112-112 112 50.1 112 112-50.1 112-112 112z"
                          />
                        </svg>
                      </span>
                      Предпросмотр
                    </div>
                  </div>
                </div>
                <div
                  class="plant-image-gallery__actions"
                >
                  <button
                    class="ant-btn ant-btn-default ant-btn-color-default ant-btn-variant-outlined"
                    type="button"
                  >
                    <span>
                      По умолчанию
                    </span>
                  </button>
                  <button
                    class="ant-btn ant-btn-default ant-btn-color-default ant-btn-variant-outlined"
                    type="button"
                  >
                    <span>
                      Состояние
                    </span>
                  </button>
                  <button
                    aria-describedby="id"
                    class="ant-btn ant-btn-default ant-btn-dangerous ant-btn-color-dangerous ant-btn-variant-outlined ant-btn-block"
                    type="button"
                  >
                    <span>
                      Удалить
                    </span>
                  </button>
                </div>
              </div>
            </div>
            <span
              class="ant-upload-wrapper"
            >
              <div
                class="ant-upload ant-upload-select"
              >
                <span
                  class="ant-upload"
                >
                  <input
                    accept="image/jpeg,image/png,image/webp"
                    multiple=""
                    name="file"
                    style="display: none;"
                    type="file"
                  />
                  <button
                    class="ant-btn ant-btn-default ant-btn-color-default ant-btn-variant-outlined"
                    type="button"
                  >
                    <span>
                      Добавить фото
                    </span>
                  </button>
                </span>
              </div>
            </span>
          </div>
        </div>
        <div
          class="ant-space-item"
        >
          <form
            class="ant-form ant-form-vertical"
          >
            <div
              class="ant-form-item ant-form-item-vertical"
            >
              <div
                class="ant-row ant-form-item-row"
              >
                <div
                  class="ant-col ant-form-item-label"
                >
                  <label
                    class="ant-form-item-required"
                    for="id"
                    title="Название"
                  >
                    Название
                  </label>
                </div>
                <div
                  class="ant-col ant-form-item-control"
                >
                  <div
                    class="ant-form-item-control-input"
                  >
                    <div
                      class="ant-form-item-control-input-content"
                    >
                      <input
                        aria-required="true"
                        class="ant-input ant-input-outlined"
                        id="id"
                        placeholder="Например, монстера"
                        type="text"
                        value="Монстера"
                      />
                    </div>
                  </div>
                </div>
              </div>
            </div>
            <div
              class="ant-form-item ant-form-item-vertical"
            >
              <div
                class="ant-row ant-form-item-row"
              >
                <div
                  class="ant-col ant-form-item-label"
                >
                  <label
                    for="id"
                    title="Описание"
                  >
                    Описание
                  </label>
                </div>
                <div
                  class="ant-col ant-form-item-control"
                >
                  <div
                    class="ant-form-item-control-input"
                  >
                    <div
                      class="ant-form-item-control-input-content"
                    >
                      <textarea
                        class="ant-input ant-input-outlined"
                        id="id"
                        placeholder="Краткое описание растения"
                        rows="3"
                      >
                        Крупные листья
                      </textarea>
                    </div>
                  </div>
                </div>
              </div>
            </div>
            <div
              class="ant-form-item ant-form-item-vertical"
            >
              <div
                class="ant-row ant-form-item-row"
              >
                <div
                  class="ant-col ant-form-item-label"
                >
                  <label
                    for="id"
                    title="Категория"
                  >
                    Категория
                  </label>
                </div>
                <div
                  class="ant-col ant-form-item-control"
                >
                  <div
                    class="ant-form-item-control-input"
                  >
                    <div
                      class="ant-form-item-control-input-content"
                    >
                      <input
                        class="ant-input ant-input-outlined"
                        id="id"
                        placeholder="Например, декоративные"
                        type="text"
                        value="Декоративные"
                      />
                    </div>
                  </div>
                </div>
              </div>
            </div>
            <div
              class="ant-form-item ant-form-item-vertical"
            >
              <div
                class="ant-row ant-form-item-row"
              >
                <div
                  class="ant-col ant-form-item-label"
                >
                  <label
                    for="id"
                    title="Освещение"
                  >
                    Освещение
                  </label>
                </div>
                <div
                  class="ant-col ant-form-item-control"
                >
                  <div
                    class="ant-form-item-control-input"
                  >
                    <div
                      class="ant-form-item-control-input-content"
                    >
                      <input
                        class="ant-input ant-input-outlined"
                        id="id"
                        placeholder="Яркий рассеянный свет"
                        type="text"
                        value="Рассеянный свет"
                      />
                    </div>
                  </div>
                </div>
              </div>
            </div>
            <div
              class="ant-form-item ant-form-item-vertical"
            >
              <div
                class="ant-row ant-form-item-row"
              >
                <div
                  class="ant-col ant-form-item-label"
                >
                  <label
                    for="id"
                    title="Размер"
                  >
                    Размер
                  </label>
                </div>
                <div
                  class="ant-col ant-form-item-control"
                >
                  <div
                    class="ant-form-item-control-input"
                  >
                    <div
                      class="ant-form-item-control-input-content"
                    >
                      <input
                        class="ant-input ant-input-outlined"
                        id="id"
                        placeholder="Средний куст"
                        type="text"
                        value="Средний"
                      />
                    </div>
                  </div>
                </div>
              </div>
            </div>
            <div
              class="ant-form-item ant-form-item-vertical"
            >
              <div
                class="ant-row ant-form-item-row"
              >
                <div
                  class="ant-col ant-form-item-label"
                >
                  <label
                    class="ant-form-item-required"
                    for="id"
                    title="Где стоит"
                  >
                    Где стоит
                  </label>
                </div>
                <div
                  class="ant-col ant-form-item-control"
                >
                  <div
                    class="ant-form-item-control-input"
                  >
                    <div
                      class="ant-form-item-control-input-content"
                    >
                      <div
                        aria-describedby="id"
                        aria-required="true"
                        class="ant-radio-group ant-radio-group-outline"
                        id="id"
                      >
                        <label
                          class="ant-radio-wrapper ant-radio-wrapper-checked ant-radio-wrapper-in-form-item"
                        >
                          <span
                            class="ant-radio ant-wave-target ant-radio-checked"
                          >
                            <input
                              checked=""
                              class="ant-radio-input"
                              name="locationKind"
                              type="radio"
                              value="indoor"
                            />
                            <span
                              class="ant-radio-inner"
                            />
                          </span>
                          <span
                            class="ant-radio-label"
                          >
                            В помещении
                          </span>
                        </label>
                        <label
                          class="ant-radio-wrapper ant-radio-wrapper-in-form-item"
                        >
                          <span
                            class="ant-radio ant-wave-target"
                          >
                            <input
                              class="ant-radio-input"
                              name="locationKind"
                              type="radio"
                              value="outdoor"
                            />
                            <span
                              class="ant-radio-inner"
                            />
                          </span>
                          <span
                            class="ant-radio-label"
                          >
                            На улице / балконе
                          </span>
                        </label>
                      </div>
                    </div>
                  </div>
                  <div
                    class="ant-form-item-additional"
                  >
                    <div
                      class="ant-form-item-extra"
                      id="id"
                    >
                      Комнатным учитываем отопление, уличным — дождь
                    </div>
                  </div>
                </div>
              </div>
            </div>
            <div
              class="ant-form-item ant-form-item-vertical"
            >
              <div
                class="ant-row ant-form-item-row"
              >
                <div
                  class="ant-col ant-form-item-label"
                >
                  <label
                    class="ant-form-item-required"
                    for="id"
                    title="Интервал полива (дней)"
                  >
                    Интервал полива (дней)
                  </label>
                </div>
                <div
                  class="ant-col ant-form-item-control"
                >
                  <div
                    class="ant-form-item-control-input"
                  >
                    <div
                      class="ant-form-item-control-input-content"
                    >
                      <div
                        class="ant-input-number ant-input-number-in-form-item ant-input-number-outlined"
                        style="width: 7rem;"
                      >
                        <div
                          class="ant-input-number-handler-wrap"
                        >
                          <span
                            aria-disabled="false"
                            aria-label="Increase Value"
                            class="ant-input-number-handler ant-input-number-handler-up"
                            role="button"
                            unselectable="on"
                          >
                            <span
                              aria-label="up"
                              class="anticon anticon-up ant-input-number-handler-up-inner"
                              role="img"
                            >
                              <svg
                                aria-hidden="true"
                                data-icon="up"
                                fill="currentColor"
                                focusable="false"
                                height="1em"
                                viewBox="64 64 896 896"
                                width="1em"
                              >
                                <path
                                  d="M890.5 755.3L537.9 269.2c-12.8-17.6-39-17.6-51.7 0L133.5 755.3A8 8 0 00140 768h75c5.1 0 9.9-2.5 12.9-6.6L512 369.8l284.1 391.6c3 4.1 7.8 6.6 12.9 6.6h75c6.5 0 10.3-7.4 6.5-12.7z"
                                />
                              </svg>
                            </span>
                          </span>
                          <span
                            aria-disabled="false"
                            aria-label="Decrease Value"
                            class="ant-input-number-handler ant-input-number-handler-down"
                            role="button"
                            unselectable="on"
                          >
                            <span
                              aria-label="down"
                              class="anticon anticon-down ant-input-number-handler-down-inner"
                              role="img"
                            >
                              <svg
                                aria-hidden="true"
                                data-icon="down"
                                fill="currentColor"
                                focusable="false"
                                height="1em"
                                viewBox="64 64 896 896"
                                width="1em"
                              >
                                <path
                                  d="M884 256h-75c-5.1 0-9.9 2.5-12.9 6.6L512 654.2 227.9 262.6c-3-4.1-7.8-6.6-12.9-6.6h-75c-6.5 0-10.3 7.4-6.5 12.7l352.6 486.1c12.8 17.6 39 17.6 51.7 0l352.6-486.1c3.9-5.3.1-12.7-6.4-12.7z"
                                />
                              </svg>
                            </span>
                          </span>
                        </div>
                        <div
                          class="ant-input-number-input-wrap"
                        >
                          <input
                            aria-required="true"
                            aria-valuemin="1"
                            aria-valuenow="7"
                            autocomplete="off"
                            class="ant-input-number-input"
                            id="id"
                            role="spinbutton"
                            step="1"
                            value="7"
                          />
                        </div>
                      </div>
                    </div>
                  </div>
                </div>
              </div>
            </div>
            <div
              class="ant-form-item ant-form-item-vertical"
            >
              <div
                class="ant-row ant-form-item-row"
              >
                <div
                  class="ant-col ant-form-item-label"
                >
                  <label
                    class="ant-form-item-required"
                    for="id"
                    title="Интервал подкормки (дней)"
                  >
                    Интервал подкормки (дней)
                  </label>
                </div>
                <div
                  class="ant-col ant-form-item-control"
                >
                  <div
                    class="ant-form-item-control-input"
                  >
                    <div
                      class="ant-form-item-control-input-content"
                    >
                      <div
                        class="ant-input-number ant-input-number-in-form-item ant-input-number-outlined"
                        style="width: 7rem;"
                      >
                        <div
                          class="ant-input-number-handler-wrap"
                        >
                          <span
                            aria-disabled="false"
                            aria-label="Increase Value"
                            class="ant-input-number-handler ant-input-number-handler-up"
                            role="button"
                            unselectable="on"
                          >
                            <span
                              aria-label="up"
                              class="anticon anticon-up ant-input-number-handler-up-inner"
                              role="img"
                            >
                              <svg
                                aria-hidden="true"
                                data-icon="up"
                                fill="currentColor"
                                focusable="false"
                                height="1em"
                                viewBox="64 64 896 896"
                                width="1em"
                              >
                                <path
                                  d="M890.5 755.3L537.9 269.2c-12.8-17.6-39-17.6-51.7 0L133.5 755.3A8 8 0 00140 768h75c5.1 0 9.9-2.5 12.9-6.6L512 369.8l284.1 391.6c3 4.1 7.8 6.6 12.9 6.6h75c6.5 0 10.3-7.4 6.5-12.7z"
                                />
                              </svg>
                            </span>
                          </span>
                          <span
                            aria-disabled="false"
                            aria-label="Decrease Value"
                            class="ant-input-number-handler ant-input-number-handler-down"
                            role="button"
                            unselectable="on"
                          >
                            <span
                              aria-label="down"
                              class="anticon anticon-down ant-input-number-handler-down-inner"
                              role="img"
                            >
                              <svg
                                aria-hidden="true"
                                data-icon="down"
                                fill="currentColor"
                                focusable="false"
                                height="1em"
                                viewBox="64 64 896 896"
                                width="1em"
                              >
                                <path
                                  d="M884 256h-75c-5.1 0-9.9 2.5-12.9 6.6L512 654.2 227.9 262.6c-3-4.1-7.8-6.6-12.9-6.6h-75c-6.5 0-10.3 7.4-6.5 12.7l352.6 486.1c12.8 17.6 39 17.6 51.7 0l352.6-486.1c3.9-5.3.1-12.7-6.4-12.7z"
                                />
                              </svg>
                            </span>
                          </span>
                        </div>
                        <div
                          class="ant-input-number-input-wrap"
                        >
                          <input
                            aria-required="true"
                            aria-valuemin="1"
                            aria-valuenow="30"
                            autocomplete="off"
                            class="ant-input-number-input"
                            id="id"
                            role="spinbutton"
                            step="1"
                            value="30"
                          />
                        </div>
                      </div>
                    </div>
                  </div>
                </div>
              </div>
            </div>
            <div
              class="ant-form-item ant-form-item-vertical"
            >
              <div
                class="ant-row ant-form-item-row"
              >
                <div
                  class="ant-col ant-form-item-label"
                >
                  <label
                    for="id"
                    title="Заметки по поливу"
                  >
                    Заметки по поливу
                  </label>
                </div>
                <div
                  class="ant-col ant-form-item-control"
                >
                  <div
                    class="ant-form-item-control-input"
                  >
                    <div
                      class="ant-form-item-control-input-content"
                    >
                      <textarea
                        class="ant-input ant-input-outlined"
                        id="id"
                        placeholder="Как и сколько поливать"
                        rows="2"
                      >
                        Не заливать
                      </textarea>
                    </div>
                  </div>
                </div>
              </div>
            </div>
            <div
              class="ant-form-item ant-form-item-vertical"
            >
              <div
                class="ant-row ant-form-item-row"
              >
                <div
                  class="ant-col ant-form-item-label"
                >
                  <label
                    for="id"
                    title="Заметки по подкормке"
                  >
                    Заметки по подкормке
                  </label>
                </div>
                <div
                  class="ant-col ant-form-item-control"
                >
                  <div
                    class="ant-form-item-control-input"
                  >
                    <div
                      class="ant-form-item-control-input-content"
                    >
                      <textarea
                        class="ant-input ant-input-outlined"
                        id="id"
                        placeholder="Когда и чем подкармливать"
                        rows="2"
                      >
                        Весной
                      </textarea>
                    </div>
                  </div>
                </div>
              </div>
            </div>
            <div
              class="ant-form-item ant-form-item-vertical"
            >
              <div
                class="ant-row ant-form-item-row"
              >
                <div
                  class="ant-col ant-form-item-label"
                >
                  <label
                    class="ant-form-item-required"
                    for="id"
                    title="Последний полив"
                  >
                    Последний полив
                  </label>
                </div>
                <div
                  class="ant-col ant-form-item-control"
                >
                  <div
                    class="ant-form-item-control-input"
                  >
                    <div
                      class="ant-form-item-control-input-content"
                    >
                      <div
                        class="ant-picker ant-picker-outlined"
                        style="width: 12rem;"
                      >
                        <div
                          class="ant-picker-input"
                        >
                          <input
                            aria-invalid="false"
                            autocomplete="off"
                            id="id"
                            placeholder="Выберите дату"
                            size="12"
                            value="20.09.2026"
                          />
                          <span
                            class="ant-picker-suffix"
                          >
                            <span
                              aria-label="calendar"
                              class="anticon anticon-calendar"
                              role="img"
                            >
                              <svg
                                aria-hidden="true"
                                data-icon="calendar"
                                fill="currentColor"
                                focusable="false"
                                height="1em"
                                viewBox="64 64 896 896"
                                width="1em"
                              >
                                <path
                                  d="M880 184H712v-64c0-4.4-3.6-8-8-8h-56c-4.4 0-8 3.6-8 8v64H384v-64c0-4.4-3.6-8-8-8h-56c-4.4 0-8 3.6-8 8v64H144c-17.7 0-32 14.3-32 32v664c0 17.7 14.3 32 32 32h736c17.7 0 32-14.3 32-32V216c0-17.7-14.3-32-32-32zm-40 656H184V460h656v380zM184 392V256h128v48c0 4.4 3.6 8 8 8h56c4.4 0 8-3.6 8-8v-48h256v48c0 4.4 3.6 8 8 8h56c4.4 0 8-3.6 8-8v-48h128v136H184z"
                                />
                              </svg>
                            </span>
                          </span>
                          <span
                            class="ant-picker-clear"
                            role="button"
                          >
                            <span
                              aria-label="close-circle"
                              class="anticon anticon-close-circle"
                              role="img"
                            >
                              <svg
                                aria-hidden="true"
                                data-icon="close-circle"
                                fill="currentColor"
                                fill-rule="evenodd"
                                focusable="false"
                                height="1em"
                                viewBox="64 64 896 896"
                                width="1em"
                              >
                                <path
                                  d="M512 64c247.4 0 448 200.6 448 448S759.4 960 512 960 64 759.4 64 512 264.6 64 512 64zm127.98 274.82h-.04l-.08.06L512 466.75 384.14 338.88c-.04-.05-.06-.06-.08-.06a.12.12 0 00-.07 0c-.03 0-.05.01-.09.05l-45.02 45.02a.2.2 0 00-.05.09.12.12 0 000 .07v.02a.27.27 0 00.06.06L466.75 512 338.88 639.86c-.05.04-.06.06-.06.08a.12.12 0 000 .07c0 .03.01.05.05.09l45.02 45.02a.2.2 0 00.09.05.12.12 0 00.07 0c.02 0 .04-.01.08-.05L512 557.25l127.86 127.87c.04.04.06.05.08.05a.12.12 0 00.07 0c.03 0 .05-.01.09-.05l45.02-45.02a.2.2 0 00.05-.09.12.12 0 000-.07v-.02a.27.27 0 00-.05-.06L557.25 512l127.87-127.86c.04-.04.05-.06.05-.08a.12.12 0 000-.07c0-.03-.01-.05-.05-.09l-45.02-45.02a.2.2 0 00-.09-.05.12.12 0 00-.07 0z"
                                />
                              </svg>
                            </span>
                          </span>
                        </div>
                      </div>
                    </div>
                  </div>
                </div>
              </div>
            </div>
            <div
              class="ant-form-item ant-form-item-vertical"
            >
              <div
                class="ant-row ant-form-item-row"
              >
                <div
                  class="ant-col ant-form-item-label"
                >
                  <label
                    class="ant-form-item-required"
                    for="id"
                    title="Последняя подкормка"
                  >
                    Последняя подкормка
                  </label>
                </div>
                <div
                  class="ant-col ant-form-item-control"
                >
                  <div
                    class="ant-form-item-control-input"
                  >
                    <div
                      class="ant-form-item-control-input-content"
                    >
                      <div
                        class="ant-picker ant-picker-outlined"
                        style="width: 12rem;"
                      >
                        <div
                          class="ant-picker-input"
                        >
                          <input
                            aria-invalid="false"
                            autocomplete="off"
                            id="id"
                            placeholder="Выберите дату"
                            size="12"
                            value="01.09.2026"
                          />
                          <span
                            class="ant-picker-suffix"
                          >
                            <span
                              aria-label="calendar"
                              class="anticon anticon-calendar"
                              role="img"
                            >
                              <svg
                                aria-hidden="true"
                                data-icon="calendar"
                                fill="currentColor"
                                focusable="false"
                                height="1em"
                                viewBox="64 64 896 896"
                                width="1em"
                              >
                                <path
                                  d="M880 184H712v-64c0-4.4-3.6-8-8-8h-56c-4.4 0-8 3.6-8 8v64H384v-64c0-4.4-3.6-8-8-8h-56c-4.4 0-8 3.6-8 8v64H144c-17.7 0-32 14.3-32 32v664c0 17.7 14.3 32 32 32h736c17.7 0 32-14.3 32-32V216c0-17.7-14.3-32-32-32zm-40 656H184V460h656v380zM184 392V256h128v48c0 4.4 3.6 8 8 8h56c4.4 0 8-3.6 8-8v-48h256v48c0 4.4 3.6 8 8 8h56c4.4 0 8-3.6 8-8v-48h128v136H184z"
                                />
                              </svg>
                            </span>
                          </span>
                          <span
                            class="ant-picker-clear"
                            role="button"
                          >
                            <span
                              aria-label="close-circle"
                              class="anticon anticon-close-circle"
                              role="img"
                            >
                              <svg
                                aria-hidden="true"
                                data-icon="close-circle"
                                fill="currentColor"
                                fill-rule="evenodd"
                                focusable="false"
                                height="1em"
                                viewBox="64 64 896 896"
                                width="1em"
                              >
                                <path
                                  d="M512 64c247.4 0 448 200.6 448 448S759.4 960 512 960 64 759.4 64 512 264.6 64 512 64zm127.98 274.82h-.04l-.08.06L512 466.75 384.14 338.88c-.04-.05-.06-.06-.08-.06a.12.12 0 00-.07 0c-.03 0-.05.01-.09.05l-45.02 45.02a.2.2 0 00-.05.09.12.12 0 000 .07v.02a.27.27 0 00.06.06L466.75 512 338.88 639.86c-.05.04-.06.06-.06.08a.12.12 0 000 .07c0 .03.01.05.05.09l45.02 45.02a.2.2 0 00.09.05.12.12 0 00.07 0c.02 0 .04-.01.08-.05L512 557.25l127.86 127.87c.04.04.06.05.08.05a.12.12 0 00.07 0c.03 0 .05-.01.09-.05l45.02-45.02a.2.2 0 00.05-.09.12.12 0 000-.07v-.02a.27.27 0 00-.05-.06L557.25 512l127.87-127.86c.04-.04.05-.06.05-.08a.12.12 0 000-.07c0-.03-.01-.05-.05-.09l-45.02-45.02a.2.2 0 00-.09-.05.12.12 0 00-.07 0z"
                                />
                              </svg>
                            </span>
                          </span>
                        </div>
                      </div>
                    </div>
                  </div>
                </div>
              </div>
            </div>
            <div
              class="ant-space ant-space-horizontal ant-space-gap-row-small ant-space-gap-col-small"
              style="flex-wrap: wrap;"
            >
              <div
                class="ant-space-item"
              >
                <button
                  class="ant-btn ant-btn-primary ant-btn-color-primary ant-btn-variant-solid"
                  type="submit"
                >
                  <span>
                    Сохранить
                  </span>
                </button>
              </div>
              <div
                class="ant-space-item"
              >
                <button
                  class="ant-btn ant-btn-default ant-btn-color-default ant-btn-variant-outlined"
                  type="button"
                >
                  <span>
                    Отмена
                  </span>
                </button>
              </div>
              <div
                class="ant-space-item"
              >
                <button
                  aria-describedby="id"
                  class="ant-btn ant-btn-default ant-btn-dangerous ant-btn-color-dangerous ant-btn-variant-outlined"
                  type="button"
                >
                  <span>
                    Удалить
                  </span>
                </button>
              </div>
            </div>
          </form>
        </div>
      </div>
    </div>
  </div>
</div>
`;
